// Jest Snapshot v1, https://goo.gl/fbAQLP

exports[`Profile Page Matches snapshot 1`] = `
<div>
  <main
    class="w-full h-screen overflow-auto p-xl"
  >
    <form
      class="relative w-full max-w-[1000px] mx-auto h-max flex flex-col gap-xl overflow-auto rounded-rs border border-n bg-n0 p-2xl shadow-e2"
    >
      <h2>
        Perfil
      </h2>
      <div
        class="grid grid-cols-2 gap-x-m gap-y-xl"
      >
        <div
          class="w-full"
        >
          <span
            class="block relative z-10 w-max transition-all text-p mb-xs !cursor-default top-0 left-0 text-n10 font-semibold"
          >
            Correo electrónico
          </span>
          <div
            class="relative flex flex-row flex-nowrap justify-between items-center w-full"
          >
            <div
              class="absolute left-0 h-full w-max flex flex-row items-center gap-xs"
            />
            <input
              class="input block w-full relative border bg-transparent outline-none transition-shadow p rounded-rs border-n3 px-m py-xs placeholder:text-n2 h-10 hover:border-n2 inputFocus focus:border-p1 focus:border-2 disabled:text-n3 disabled:bg-n1 disabled:border-n2 disabled:placeholder:text-transparent"
              data-testid="input"
              disabled=""
              form="[object Object]"
              inputlabel="Correo electrónico"
              name="email"
              options=""
              placeholder=""
              type="text"
              value="test@mail.com"
            />
            <div
              class="absolute right-0 h-full w-max flex flex-row items-center gap-xs"
            />
          </div>
        </div>
        <div
          class="w-full"
        >
          <span
            class="block relative z-10 w-max transition-all text-p mb-xs cursor-pointer !cursor-default top-0 left-0 text-n10 font-semibold"
          >
            Rol
          </span>
          <button
            class="relative flex flex-row flex-nowrap justify-between items-center w-full border bg-transparent outline-none transition-shadow gap-xs p text-left rounded-rs border-n3 px-m py-m placeholder:text-n2 h-10 hover:border-n2 dropdonwFocus focus:border-p1 focus:border-2 disabled:text-n3 disabled:bg-n1 disabled:border-n2"
            data-testid="dropdown"
            disabled=""
            name="role"
          >
            <span
              class="flex-1 min-h-4"
            >
              Administrador
            </span>
            <i
              class="inline-block w-2.5 h-2.5 rotate-0 "
              data-testid="chevron-icon"
            >
              <svg
                class="w-full h-full block transition-transform duration-300 ease-out"
                fill="none"
                viewBox="0 0 15 9"
                xmlns="http://www.w3.org/2000/svg"
              >
                <path
                  d="M14.7 1.89992L13.5 0.919922L7.50001 6.09992L1.50001 0.919921L0.300013 1.89992L7.50001 8.19992L14.7 1.89992Z"
                  fill="var(--colors-neutrals-n10)"
                />
              </svg>
            </i>
          </button>
        </div>
        <div
          class="w-full"
        >
          <span
            class="block relative z-10 w-max transition-all text-p mb-xs !cursor-default top-0 left-0 text-n10 font-semibold"
          >
            Dirección Blockchain
          </span>
          <div
            class="relative flex flex-row flex-nowrap justify-between items-center w-full"
          >
            <div
              class="absolute left-0 h-full w-max flex flex-row items-center gap-xs"
            />
            <input
              class="input block w-full relative border bg-transparent outline-none transition-shadow p rounded-rs border-n3 px-m py-xs placeholder:text-n2 h-10 hover:border-n2 inputFocus focus:border-p1 focus:border-2 disabled:text-n3 disabled:bg-n1 disabled:border-n2 disabled:placeholder:text-transparent"
              data-testid="input"
              disabled=""
              form="[object Object]"
              inputlabel="Dirección Blockchain"
              name="blockchainId"
              options=""
              placeholder=""
              type="text"
              value="0x1234567890abcdef"
            />
            <div
              class="absolute right-0 h-full w-max flex flex-row items-center gap-xs"
            />
          </div>
        </div>
        <div
          class="w-full"
        >
          <span
            class="block relative z-10 w-max transition-all text-p mb-xs top-0 left-0 text-n10 font-semibold"
          >
            Nombre de usuario (opcional)
          </span>
          <div
            class="relative flex flex-row flex-nowrap justify-between items-center w-full"
          >
            <div
              class="absolute left-0 h-full w-max flex flex-row items-center gap-xs"
            />
            <input
              class="input block w-full relative border bg-transparent outline-none transition-shadow p rounded-rs border-n3 px-m py-xs placeholder:text-n2 h-10 hover:border-n2 inputFocus focus:border-p1 focus:border-2 disabled:text-n3 disabled:bg-n1 disabled:border-n2 disabled:placeholder:text-transparent"
              data-testid="input"
              form="[object Object]"
              inputlabel="Nombre de usuario (opcional)"
              name="userName"
              options=""
              placeholder=""
              type="text"
              value="testUser"
            />
            <div
              class="absolute right-0 h-full w-max flex flex-row items-center gap-xs"
            />
          </div>
        </div>
        <div
          class="w-full"
        >
          <span
            class="block relative z-10 w-max transition-all text-p mb-xs top-0 left-0 text-n10 font-semibold"
          >
            Nombre del Responsable (opcional)
          </span>
          <div
            class="relative flex flex-row flex-nowrap justify-between items-center w-full"
          >
            <div
              class="absolute left-0 h-full w-max flex flex-row items-center gap-xs"
            />
            <input
              class="input block w-full relative border bg-transparent outline-none transition-shadow p rounded-rs border-n3 px-m py-xs placeholder:text-n2 h-10 hover:border-n2 inputFocus focus:border-p1 focus:border-2 disabled:text-n3 disabled:bg-n1 disabled:border-n2 disabled:placeholder:text-transparent"
              data-testid="input"
              form="[object Object]"
              inputlabel="Nombre del Responsable (opcional)"
              name="managerName"
              options=""
              placeholder=""
              type="text"
              value="managerUser"
            />
            <div
              class="absolute right-0 h-full w-max flex flex-row items-center gap-xs"
            />
          </div>
        </div>
        <div
          class="w-full"
        >
          <span
            class="block relative z-10 w-max transition-all text-p mb-xs top-0 left-0 text-n10 font-semibold"
          >
            Teléfono
          </span>
          <div
            class="relative flex flex-row flex-nowrap justify-between items-center w-full"
          >
            <div
              class="absolute left-0 h-full w-max flex flex-row items-center gap-xs"
            />
            <input
              class="input block w-full relative border bg-transparent outline-none transition-shadow p rounded-rs border-n3 px-m py-xs placeholder:text-n2 h-10 hover:border-n2 inputFocus focus:border-p1 focus:border-2 disabled:text-n3 disabled:bg-n1 disabled:border-n2 disabled:placeholder:text-transparent"
              data-testid="input"
              form="[object Object]"
              inputlabel="Teléfono"
              name="phone"
              options=""
              placeholder=""
              required=""
              type="text"
              value="1234567890"
            />
            <div
              class="absolute right-0 h-full w-max flex flex-row items-center gap-xs"
            />
          </div>
        </div>
      </div>
      <button
        class="relative flex items-center justify-center gap-s rounded-rs font-semibold h-10 disabled:cursor-default disabled:bg-opacity-40  focusButton bg-p1 text-n0 py-s px-m w-[12rem] mt-4 ml-auto"
        data-testid="button"
        disabled=""
      >
        <span>
          Actualizar perfil
        </span>
      </button>
    </form>
  </main>
</div>
`;
