// Jest Snapshot v1, https://goo.gl/fbAQLP

exports[`Tracking - RecyclingBatchTab Matches snapshot 1`] = `
<div>
  <div
    class="h-full w-full overflow-auto hide-scroll relative"
  >
    <div
      class="flex flex-col gap-s"
    >
      <h3
        class="text-lg font-semibold border-b pb-2"
      >
        Información General
      </h3>
      <p>
        <span
          class="font-semibold"
        >
          Material:
        </span>
         
        Pure glass
      </p>
      <p>
        <span
          class="font-semibold"
        >
          Tamaño:
        </span>
         
        10x10x10
      </p>
      <p>
        <span
          class="font-semibold"
        >
          Peso:
        </span>
         
        100
         kg
      </p>
      <p>
        <span
          class="font-semibold"
        >
          Fecha de creación:
        </span>
         
        13/4/2025
      </p>
    </div>
    <div
      class="mt-6"
    >
      <h3
        class="text-lg font-semibold border-t py-2"
      >
        Composición
      </h3>
      <table
        class="w-full mt-2 border border-gray-300 rounded-md"
      >
        <thead>
          <tr
            class="bg-gray-100 text-gray-700"
          >
            <th
              class="px-4 py-2 text-left"
            >
              Material
            </th>
            <th
              class="px-4 py-2 text-left"
            >
              Cantidad
            </th>
            <th
              class="px-4 py-2 text-left"
            >
              Unidad
            </th>
          </tr>
        </thead>
        <tbody>
          <tr
            class="border-t"
          >
            <td
              class="px-4 py-2"
            >
              Glass
            </td>
            <td
              class="px-4 py-2"
            >
              100
            </td>
            <td
              class="px-4 py-2"
            >
              %
            </td>
          </tr>
        </tbody>
      </table>
    </div>
    <div
      class="mt-6"
    >
      <h3
        class="text-lg font-semibold border-t py-2"
      >
        Información Adicional
      </h3>
      <p
        class="text-gray-700 mt-2"
      >
        Some extra info
      </p>
    </div>
  </div>
</div>
`;
